 Volume museforge-phase6-test_database Creating
 Volume museforge-phase6-test_database Creating
 Network museforge-phase6-test_backend Creating
 Network museforge-phase6-test_backend Creating
 Volume museforge-phase6-test_artifacts Creating
 Volume museforge-phase6-test_artifacts Creating
 Volume museforge-phase6-test_database Created
 Volume museforge-phase6-test_database Created
 Volume museforge-phase6-test_artifacts Created
 Volume museforge-phase6-test_artifacts Created
 Network museforge-phase6-test_backend Created
 Network museforge-phase6-test_backend Created
 Container museforge-phase6-test-browser-tests-run-<run-id> Creating
 Container museforge-phase6-test-browser-tests-run-<run-id> Created

> museforge-web@0.1.0 test
> vitest run


[1m[30m[46m RUN [49m[39m[22m [36mv5.0.0 [39m[90m/web[39m

 [32m✓[39m src/client.test.ts [2m([22m[2m1 test[22m[2m)[22m[32m 7[2mms[22m[39m
 [32m✓[39m src/routes.test.ts [2m([22m[2m2 tests[22m[2m)[22m[32m 5[2mms[22m[39m

[2m Test Files [22m [1m[32m2 passed[39m[22m[90m (2)[39m
[2m      Tests [22m [1m[32m3 passed[39m[22m[90m (3)[39m
[2m   Start at [22m 03:47:32
[2m   Duration [22m 202ms[2m (transform 67%, import 16%, tests 8%, worker 8%)[22m
