#0 building with "default" instance using docker driver

#1 [internal] load build definition from Dockerfile
#1 transferring dockerfile: 598B done
#1 DONE 0.0s

#2 [internal] load metadata for docker.io/library/python:3.12-slim-bookworm@sha256:9c47360a2a0355e2da18516d0b1c2126ec22c195d2185e97347c9d98398c5bef
#2 DONE 1.5s

#3 [internal] load .dockerignore
#3 transferring context: 2B done
#3 DONE 0.0s

#4 [internal] load build context
#4 transferring context: 83.45kB 0.0s done
#4 DONE 0.1s

#5 [1/5] FROM docker.io/library/python:3.12-slim-bookworm@sha256:9c47360a2a0355e2da18516d0b1c2126ec22c195d2185e97347c9d98398c5bef
#5 resolve docker.io/library/python:3.12-slim-bookworm@sha256:9c47360a2a0355e2da18516d0b1c2126ec22c195d2185e97347c9d98398c5bef 0.0s done
#5 DONE 0.1s

#6 [2/5] WORKDIR /opt/yue2-test
#6 DONE 0.0s

#7 [3/5] COPY requirements.lock ./
#7 DONE 0.0s

#8 [4/5] RUN python -m pip install --no-cache-dir --require-hashes     --extra-index-url https://download.pytorch.org/whl/cu128 -r requirements.lock     && python -m pip check
#8 1.011 Looking in indexes: https://pypi.org/simple, https://download.pytorch.org/whl/cu128
#8 1.013 Collecting yue2-infer@ https://huggingface.co/m-a-p/YuE2-3B/resolve/29b3558dd46954a0cd9021dc76d5c91864a0f1c7/yue2_infer-0.1.5-py3-none-any.whl#sha256=8801e2c0d969db02df78d2994150b4ccd86077d87c24fdb8509b1f6f31462641 (from -r requirements.lock (line 1057))
#8 1.297   Downloading https://huggingface.co/m-a-p/YuE2-3B/resolve/29b3558dd46954a0cd9021dc76d5c91864a0f1c7/yue2_infer-0.1.5-py3-none-any.whl (66 kB)
#8 1.987 Collecting accelerate==1.13.0 (from -r requirements.lock (line 3))
#8 2.047   Downloading accelerate-1.13.0-py3-none-any.whl (383 kB)
#8 2.104 Collecting certifi==2026.7.22 (from -r requirements.lock (line 7))
#8 2.110   Downloading certifi-2026.7.22-py3-none-any.whl (136 kB)
#8 2.749 Collecting cffi==2.1.1 (from -r requirements.lock (line 11))
#8 2.761   Downloading cffi-2.1.1-cp312-cp312-manylinux2014_x86_64.manylinux_2_17_x86_64.whl (221 kB)
#8 2.843 Collecting charset-normalizer==3.5.1 (from -r requirements.lock (line 113))
#8 2.852   Downloading charset_normalizer-3.5.1-cp312-cp312-manylinux2014_x86_64.manylinux_2_17_x86_64.manylinux_2_28_x86_64.whl (248 kB)
#8 4.238 Collecting cuda-bindings==12.9.4 (from -r requirements.lock (line 287))
#8 4.244   Downloading cuda_bindings-12.9.4-cp312-cp312-manylinux_2_24_x86_64.manylinux_2_28_x86_64.whl (12.2 MB)
#8 4.625      ━━━━━━━━━━━━━━━━━━━━━━━━━━━━━━━━━━━━━━━━ 12.2/12.2 MB 32.0 MB/s eta 0:00:00
#8 5.247 Collecting cuda-pathfinder==1.8.1 (from -r requirements.lock (line 313))
#8 5.255   Downloading cuda_pathfinder-1.8.1-py3-none-any.whl (62 kB)
#8 5.288 Collecting filelock==3.32.6 (from -r requirements.lock (line 316))
#8 5.295   Downloading filelock-3.32.6-py3-none-any.whl (100 kB)
#8 5.329 Collecting fsspec==2026.7.0 (from -r requirements.lock (line 323))
#8 5.335   Downloading fsspec-2026.7.0-py3-none-any.whl (206 kB)
#8 6.007 Collecting hf-xet==1.6.0 (from -r requirements.lock (line 329))
#8 6.014   Downloading hf_xet-1.6.0-cp38-abi3-manylinux2014_x86_64.manylinux_2_17_x86_64.whl (4.5 MB)
#8 6.120      ━━━━━━━━━━━━━━━━━━━━━━━━━━━━━━━━━━━━━━━━ 4.5/4.5 MB 42.1 MB/s eta 0:00:00
#8 6.373 Collecting huggingface-hub==0.36.2 (from -r requirements.lock (line 348))
#8 6.378   Downloading huggingface_hub-0.36.2-py3-none-any.whl (566 kB)
#8 6.395      ━━━━━━━━━━━━━━━━━━━━━━━━━━━━━━━━━━━━━━ 566.4/566.4 kB 25.5 MB/s eta 0:00:00
#8 6.425 Collecting idna==3.19 (from -r requirements.lock (line 356))
#8 6.431   Downloading idna-3.19-py3-none-any.whl (68 kB)
#8 6.455 Collecting jinja2==3.1.6 (from -r requirements.lock (line 360))
#8 6.462   Downloading jinja2-3.1.6-py3-none-any.whl (134 kB)
#8 7.124 Collecting markupsafe==3.0.3 (from -r requirements.lock (line 364))
#8 7.130   Downloading markupsafe-3.0.3-cp312-cp312-manylinux2014_x86_64.manylinux_2_17_x86_64.manylinux_2_28_x86_64.whl (22 kB)
#8 7.786 Collecting mpmath==1.3.0 (from -r requirements.lock (line 455))
#8 7.791   Downloading mpmath-1.3.0-py3-none-any.whl (536 kB)
#8 7.819      ━━━━━━━━━━━━━━━━━━━━━━━━━━━━━━━━━━━━━ 536.2/536.2 kB 154.2 MB/s eta 0:00:00
#8 7.852 Collecting networkx==3.6.1 (from -r requirements.lock (line 459))
#8 7.858   Downloading networkx-3.6.1-py3-none-any.whl (2.1 MB)
#8 7.950      ━━━━━━━━━━━━━━━━━━━━━━━━━━━━━━━━━━━━━━━━ 2.1/2.1 MB 26.9 MB/s eta 0:00:00
#8 8.210 Collecting numpy==2.2.6 (from -r requirements.lock (line 463))
#8 8.216   Downloading numpy-2.2.6-cp312-cp312-manylinux_2_17_x86_64.manylinux2014_x86_64.whl (16.5 MB)
#8 8.616      ━━━━━━━━━━━━━━━━━━━━━━━━━━━━━━━━━━━━━━━━ 16.5/16.5 MB 41.3 MB/s eta 0:00:00
#8 9.234 Collecting nvidia-cublas-cu12==12.8.4.1 (from -r requirements.lock (line 524))
#8 9.677   Downloading https://pypi.nvidia.com/nvidia-cublas-cu12/nvidia_cublas_cu12-12.8.4.1-py3-none-manylinux_2_27_x86_64.whl (594.3 MB)
#8 25.34      ━━━━━━━━━━━━━━━━━━━━━━━━━━━━━━━━━━━━━━ 594.3/594.3 MB 37.0 MB/s eta 0:00:00
#8 25.53 Collecting nvidia-cuda-cupti-cu12==12.8.90 (from -r requirements.lock (line 532))
#8 25.77   Downloading https://pypi.nvidia.com/nvidia-cuda-cupti-cu12/nvidia_cuda_cupti_cu12-12.8.90-py3-none-manylinux2014_x86_64.manylinux_2_17_x86_64.whl (10.2 MB)
#8 26.04      ━━━━━━━━━━━━━━━━━━━━━━━━━━━━━━━━━━━━━━━━ 10.2/10.2 MB 38.0 MB/s eta 0:00:00
#8 26.08 Collecting nvidia-cuda-nvrtc-cu12==12.8.93 (from -r requirements.lock (line 537))
#8 26.22   Downloading https://pypi.nvidia.com/nvidia-cuda-nvrtc-cu12/nvidia_cuda_nvrtc_cu12-12.8.93-py3-none-manylinux2010_x86_64.manylinux_2_12_x86_64.whl (88.0 MB)
#8 28.25      ━━━━━━━━━━━━━━━━━━━━━━━━━━━━━━━━━━━━━━━━ 88.0/88.0 MB 43.2 MB/s eta 0:00:00
#8 28.31 Collecting nvidia-cuda-runtime-cu12==12.8.90 (from -r requirements.lock (line 542))
#8 28.55   Downloading https://pypi.nvidia.com/nvidia-cuda-runtime-cu12/nvidia_cuda_runtime_cu12-12.8.90-py3-none-manylinux2014_x86_64.manylinux_2_17_x86_64.whl (954 kB)
#8 28.57      ━━━━━━━━━━━━━━━━━━━━━━━━━━━━━━━━━━━━━━ 954.8/954.8 kB 35.4 MB/s eta 0:00:00
#8 28.60 Collecting nvidia-cudnn-cu12==9.10.2.21 (from -r requirements.lock (line 547))
#8 28.73   Downloading https://pypi.nvidia.com/nvidia-cudnn-cu12/nvidia_cudnn_cu12-9.10.2.21-py3-none-manylinux_2_27_x86_64.whl (706.8 MB)
#8 47.42      ━━━━━━━━━━━━━━━━━━━━━━━━━━━━━━━━━━━━━━ 706.8/706.8 MB 36.6 MB/s eta 0:00:00
#8 47.64 Collecting nvidia-cufft-cu12==11.3.3.83 (from -r requirements.lock (line 552))
#8 47.77   Downloading https://pypi.nvidia.com/nvidia-cufft-cu12/nvidia_cufft_cu12-11.3.3.83-py3-none-manylinux2014_x86_64.manylinux_2_17_x86_64.whl (193.1 MB)
#8 52.66      ━━━━━━━━━━━━━━━━━━━━━━━━━━━━━━━━━━━━━━ 193.1/193.1 MB 39.6 MB/s eta 0:00:00
#8 52.74 Collecting nvidia-cufile-cu12==1.13.1.3 (from -r requirements.lock (line 557))
#8 52.98   Downloading https://pypi.nvidia.com/nvidia-cufile-cu12/nvidia_cufile_cu12-1.13.1.3-py3-none-manylinux2014_x86_64.manylinux_2_17_x86_64.whl (1.2 MB)
#8 53.00      ━━━━━━━━━━━━━━━━━━━━━━━━━━━━━━━━━━━━━━━━ 1.2/1.2 MB 50.0 MB/s eta 0:00:00
#8 53.02 Collecting nvidia-curand-cu12==10.3.9.90 (from -r requirements.lock (line 561))
#8 53.15   Downloading https://pypi.nvidia.com/nvidia-curand-cu12/nvidia_curand_cu12-10.3.9.90-py3-none-manylinux_2_27_x86_64.whl (63.6 MB)
#8 54.89      ━━━━━━━━━━━━━━━━━━━━━━━━━━━━━━━━━━━━━━━━ 63.6/63.6 MB 36.4 MB/s eta 0:00:00
#8 54.94 Collecting nvidia-cusolver-cu12==11.7.3.90 (from -r requirements.lock (line 566))
#8 55.09   Downloading https://pypi.nvidia.com/nvidia-cusolver-cu12/nvidia_cusolver_cu12-11.7.3.90-py3-none-manylinux_2_27_x86_64.whl (267.5 MB)
#8 61.75      ━━━━━━━━━━━━━━━━━━━━━━━━━━━━━━━━━━━━━━ 267.5/267.5 MB 40.3 MB/s eta 0:00:00
#8 62.07 Collecting nvidia-cusparse-cu12==12.5.8.93 (from -r requirements.lock (line 571))
#8 62.20   Downloading https://pypi.nvidia.com/nvidia-cusparse-cu12/nvidia_cusparse_cu12-12.5.8.93-py3-none-manylinux2014_x86_64.manylinux_2_17_x86_64.whl (288.2 MB)
#8 70.02      ━━━━━━━━━━━━━━━━━━━━━━━━━━━━━━━━━━━━━━ 288.2/288.2 MB 36.8 MB/s eta 0:00:00
#8 70.12 Collecting nvidia-cusparselt-cu12==0.7.1 (from -r requirements.lock (line 578))
#8 70.25   Downloading https://pypi.nvidia.com/nvidia-cusparselt-cu12/nvidia_cusparselt_cu12-0.7.1-py3-none-manylinux2014_x86_64.whl (287.2 MB)
#8 77.64      ━━━━━━━━━━━━━━━━━━━━━━━━━━━━━━━━━━━━━━ 287.2/287.2 MB 39.0 MB/s eta 0:00:00
#8 77.93 Collecting nvidia-ml-py==13.610.43 (from -r requirements.lock (line 583))
#8 77.94   Downloading nvidia_ml_py-13.610.43-py3-none-any.whl (53 kB)
#8 77.99 Collecting nvidia-nccl-cu12==2.27.5 (from -r requirements.lock (line 587))
#8 78.13   Downloading https://pypi.nvidia.com/nvidia-nccl-cu12/nvidia_nccl_cu12-2.27.5-py3-none-manylinux2014_x86_64.manylinux_2_17_x86_64.whl (322.3 MB)
#8 87.03      ━━━━━━━━━━━━━━━━━━━━━━━━━━━━━━━━━━━━━━ 322.3/322.3 MB 35.1 MB/s eta 0:00:00
#8 87.72 Collecting nvidia-nvjitlink-cu12==12.8.93 (from -r requirements.lock (line 591))
#8 87.85   Downloading https://pypi.nvidia.com/nvidia-nvjitlink-cu12/nvidia_nvjitlink_cu12-12.8.93-py3-none-manylinux2010_x86_64.manylinux_2_12_x86_64.whl (39.3 MB)
#8 88.93      ━━━━━━━━━━━━━━━━━━━━━━━━━━━━━━━━━━━━━━━━ 39.3/39.3 MB 36.5 MB/s eta 0:00:00
#8 88.96 Collecting nvidia-nvshmem-cu12==3.4.5 (from -r requirements.lock (line 600))
#8 89.10   Downloading https://pypi.nvidia.com/nvidia-nvshmem-cu12/nvidia_nvshmem_cu12-3.4.5-py3-none-manylinux2014_x86_64.manylinux_2_17_x86_64.whl (139.1 MB)
#8 92.94      ━━━━━━━━━━━━━━━━━━━━━━━━━━━━━━━━━━━━━━ 139.1/139.1 MB 36.2 MB/s eta 0:00:00
#8 93.57 Collecting nvidia-nvtx-cu12==12.8.90 (from -r requirements.lock (line 604))
#8 93.82   Downloading https://pypi.nvidia.com/nvidia-nvtx-cu12/nvidia_nvtx_cu12-12.8.90-py3-none-manylinux2014_x86_64.manylinux_2_17_x86_64.whl (89 kB)
#8 93.85 Collecting packaging==26.3 (from -r requirements.lock (line 609))
#8 93.85   Downloading packaging-26.3-py3-none-any.whl (129 kB)
#8 94.55 Collecting psutil==7.2.2 (from -r requirements.lock (line 616))
#8 94.56   Downloading psutil-7.2.2-cp36-abi3-manylinux2010_x86_64.manylinux_2_12_x86_64.manylinux_2_28_x86_64.whl (155 kB)
#8 95.19 Collecting pycparser==3.0 (from -r requirements.lock (line 641))
#8 95.22   Downloading pycparser-3.0-py3-none-any.whl (48 kB)
#8 95.84 Collecting pyyaml==6.0.3 (from -r requirements.lock (line 645))
#8 95.86   Downloading pyyaml-6.0.3-cp312-cp312-manylinux2014_x86_64.manylinux_2_17_x86_64.manylinux_2_28_x86_64.whl (807 kB)
#8 95.90      ━━━━━━━━━━━━━━━━━━━━━━━━━━━━━━━━━━━━━━ 807.9/807.9 kB 28.8 MB/s eta 0:00:00
#8 96.31 Collecting regex==2026.9.10 (from -r requirements.lock (line 723))
#8 96.32   Downloading regex-2026.9.10-cp312-cp312-manylinux2014_x86_64.manylinux_2_17_x86_64.manylinux_2_28_x86_64.whl (804 kB)
#8 96.36      ━━━━━━━━━━━━━━━━━━━━━━━━━━━━━━━━━━━━━━ 804.6/804.6 kB 38.2 MB/s eta 0:00:00
#8 96.38 Collecting requests==2.34.2 (from -r requirements.lock (line 857))
#8 96.39   Downloading requests-2.34.2-py3-none-any.whl (73 kB)
#8 97.03 Collecting safetensors==0.7.0 (from -r requirements.lock (line 864))
#8 97.04   Downloading safetensors-0.7.0-cp38-abi3-manylinux_2_17_x86_64.manylinux2014_x86_64.whl (507 kB)
#8 97.11 Collecting setuptools==84.0.0 (from -r requirements.lock (line 892))
#8 97.11   Downloading setuptools-84.0.0-py3-none-any.whl (818 kB)
#8 97.16      ━━━━━━━━━━━━━━━━━━━━━━━━━━━━━━━━━━━━━━ 818.2/818.2 kB 19.6 MB/s eta 0:00:00
#8 97.81 Collecting soundfile==0.13.1 (from -r requirements.lock (line 896))
#8 97.82   Downloading soundfile-0.13.1-py2.py3-none-manylinux_2_28_x86_64.whl (1.3 MB)
#8 97.90      ━━━━━━━━━━━━━━━━━━━━━━━━━━━━━━━━━━━━━━━━ 1.3/1.3 MB 21.5 MB/s eta 0:00:00
#8 97.96 Collecting sympy==1.14.0 (from -r requirements.lock (line 906))
#8 97.96   Downloading sympy-1.14.0-py3-none-any.whl (6.3 MB)
#8 98.13      ━━━━━━━━━━━━━━━━━━━━━━━━━━━━━━━━━━━━━━━━ 6.3/6.3 MB 38.1 MB/s eta 0:00:00
#8 98.75 Collecting tiktoken==0.12.0 (from -r requirements.lock (line 910))
#8 98.76   Downloading tiktoken-0.12.0-cp312-cp312-manylinux_2_28_x86_64.whl (1.2 MB)
#8 98.81      ━━━━━━━━━━━━━━━━━━━━━━━━━━━━━━━━━━━━━━━━ 1.2/1.2 MB 23.1 MB/s eta 0:00:00
#8 99.48 Collecting tokenizers==0.22.2 (from -r requirements.lock (line 969))
#8 99.49   Downloading tokenizers-0.22.2-cp39-abi3-manylinux_2_17_x86_64.manylinux2014_x86_64.whl (3.3 MB)
#8 99.61      ━━━━━━━━━━━━━━━━━━━━━━━━━━━━━━━━━━━━━━━━ 3.3/3.3 MB 33.4 MB/s eta 0:00:00
#8 99.67 Collecting torch==2.10.0+cu128 (from -r requirements.lock (line 995))
#8 100.4   Downloading https://download-r2.pytorch.org/whl/cu128/torch-2.10.0%2Bcu128-cp312-cp312-manylinux_2_28_x86_64.whl (916.9 MB)
#8 130.4      ━━━━━━━━━━━━━━━━━━━━━━━━━━━━━━━━━━━━━━ 916.9/916.9 MB 39.8 MB/s eta 0:00:00
#8 130.7 Collecting tqdm==4.70.1 (from -r requirements.lock (line 1021))
#8 130.7   Downloading tqdm-4.70.1-py3-none-any.whl (80 kB)
#8 130.9 Collecting transformers==4.57.6 (from -r requirements.lock (line 1027))
#8 130.9   Downloading transformers-4.57.6-py3-none-any.whl (12.0 MB)
#8 131.3      ━━━━━━━━━━━━━━━━━━━━━━━━━━━━━━━━━━━━━━━━ 12.0/12.0 MB 37.7 MB/s eta 0:00:00
#8 131.4 Collecting triton==3.6.0 (from -r requirements.lock (line 1031))
#8 131.7   Downloading https://download-r2.pytorch.org/whl/triton-3.6.0-cp312-cp312-manylinux_2_27_x86_64.manylinux_2_28_x86_64.whl (188.3 MB)
#8 136.3      ━━━━━━━━━━━━━━━━━━━━━━━━━━━━━━━━━━━━━━ 188.3/188.3 MB 41.0 MB/s eta 0:00:00
#8 136.4 Collecting typing-extensions==4.16.0 (from -r requirements.lock (line 1047))
#8 136.4   Downloading typing_extensions-4.16.0-py3-none-any.whl (45 kB)
#8 136.4 Collecting urllib3==2.7.0 (from -r requirements.lock (line 1053))
#8 136.4   Downloading urllib3-2.7.0-py3-none-any.whl (131 kB)
#8 136.7 Installing collected packages: nvidia-ml-py, nvidia-cusparselt-cu12, mpmath, urllib3, typing-extensions, triton, tqdm, sympy, setuptools, safetensors, regex, pyyaml, pycparser, psutil, packaging, nvidia-nvtx-cu12, nvidia-nvshmem-cu12, nvidia-nvjitlink-cu12, nvidia-nccl-cu12, nvidia-curand-cu12, nvidia-cufile-cu12, nvidia-cuda-runtime-cu12, nvidia-cuda-nvrtc-cu12, nvidia-cuda-cupti-cu12, nvidia-cublas-cu12, numpy, networkx, markupsafe, idna, hf-xet, fsspec, filelock, cuda-pathfinder, charset-normalizer, certifi, requests, nvidia-cusparse-cu12, nvidia-cufft-cu12, nvidia-cudnn-cu12, jinja2, cuda-bindings, cffi, tiktoken, soundfile, nvidia-cusolver-cu12, huggingface-hub, torch, tokenizers, transformers, accelerate, yue2-infer
#8 177.7 Successfully installed accelerate-1.13.0 certifi-2026.7.22 cffi-2.1.1 charset-normalizer-3.5.1 cuda-bindings-12.9.4 cuda-pathfinder-1.8.1 filelock-3.32.6 fsspec-2026.7.0 hf-xet-1.6.0 huggingface-hub-0.36.2 idna-3.19 jinja2-3.1.6 markupsafe-3.0.3 mpmath-1.3.0 networkx-3.6.1 numpy-2.2.6 nvidia-cublas-cu12-12.8.4.1 nvidia-cuda-cupti-cu12-12.8.90 nvidia-cuda-nvrtc-cu12-12.8.93 nvidia-cuda-runtime-cu12-12.8.90 nvidia-cudnn-cu12-9.10.2.21 nvidia-cufft-cu12-11.3.3.83 nvidia-cufile-cu12-1.13.1.3 nvidia-curand-cu12-10.3.9.90 nvidia-cusolver-cu12-11.7.3.90 nvidia-cusparse-cu12-12.5.8.93 nvidia-cusparselt-cu12-0.7.1 nvidia-ml-py-13.610.43 nvidia-nccl-cu12-2.27.5 nvidia-nvjitlink-cu12-12.8.93 nvidia-nvshmem-cu12-3.4.5 nvidia-nvtx-cu12-12.8.90 packaging-26.3 psutil-7.2.2 pycparser-3.0 pyyaml-6.0.3 regex-2026.9.10 requests-2.34.2 safetensors-0.7.0 setuptools-84.0.0 soundfile-0.13.1 sympy-1.14.0 tiktoken-0.12.0 tokenizers-0.22.2 torch-2.10.0+cu128 tqdm-4.70.1 transformers-4.57.6 triton-3.6.0 typing-extensions-4.16.0 urllib3-2.7.0 yue2-infer-0.1.5
#8 177.7 WARNING: Running pip as the 'root' user can result in broken permissions and conflicting behaviour with the system package manager, possibly rendering your system unusable. It is recommended to use a virtual environment instead: https://pip.pypa.io/warnings/venv. Use the --root-user-action option if you know what you are doing and want to suppress this warning.
#8 178.6
#8 178.6 [notice] A new release of pip is available: 25.0.1 -> 26.2.1
#8 178.6 [notice] To update, run: pip install --upgrade pip
#8 179.5 No broken requirements found.
#8 DONE 179.8s

#9 [5/5] COPY model-lock.json acquire.py ./
#9 DONE 0.1s

#10 exporting to image
#10 exporting layers
#10 exporting layers 115.1s done
#10 exporting manifest sha256:0be2bfa4796bef9233f7df0f6ee3ddbe3686d087c520c09712e66d1bac62a2ba 0.0s done
#10 exporting config sha256:6dd7732e354fb231a66534d028550d5103092fd7ea0628601f6de1092b80aed1 0.0s done
#10 exporting attestation manifest sha256:68edb262cab2d7e3e1c1f11a5e49e1769bf3dbcfb574b692ac67b10b48d81559 0.0s done
#10 exporting manifest list sha256:e9dd746272955e7dd0ce24bda5ec99f30ce82562aaececf9b914654bb4456876 0.0s done
#10 naming to docker.io/library/musicgen-yue2:0.1.5 done
#10 unpacking to docker.io/library/musicgen-yue2:0.1.5
#10 unpacking to docker.io/library/musicgen-yue2:0.1.5 23.5s done
#10 DONE 138.6s

 [33m1 warning found (use docker --debug to expand):
[0m - SecretsUsedInArgOrEnv: Do not use ARG or ENV instructions for sensitive data (ENV "HF_HUB_DISABLE_IMPLICIT_TOKEN") (line 2)
