 Image musicgen-yue2:0.1.5 Building
#1 [internal] load local bake definitions
#1 reading from stdin 541B done
#1 DONE 0.0s

#2 [internal] load build definition from Dockerfile
#2 transferring dockerfile: 679B 0.0s done
#2 WARN: SecretsUsedInArgOrEnv: Do not use ARG or ENV instructions for sensitive data (ENV "HF_HUB_DISABLE_IMPLICIT_TOKEN") (line 2)
#2 DONE 0.0s

#3 [internal] load metadata for docker.io/library/python:3.12-slim-bookworm@sha256:9c47360a2a0355e2da18516d0b1c2126ec22c195d2185e97347c9d98398c5bef
#3 DONE 0.0s

#4 [internal] load .dockerignore
#4 transferring context: 59B 0.0s done
#4 DONE 0.0s

#5 [1/6] FROM docker.io/library/python:3.12-slim-bookworm@sha256:9c47360a2a0355e2da18516d0b1c2126ec22c195d2185e97347c9d98398c5bef
#5 resolve docker.io/library/python:3.12-slim-bookworm@sha256:9c47360a2a0355e2da18516d0b1c2126ec22c195d2185e97347c9d98398c5bef done
#5 DONE 0.0s

#6 [internal] load build context
#6 transferring context: 16.52kB 0.0s done
#6 DONE 0.0s

#7 [4/6] RUN python -m pip install --no-cache-dir --require-hashes     --extra-index-url https://download.pytorch.org/whl/cu128 -r requirements.lock     && python -m pip check
#7 CACHED

#8 [2/6] WORKDIR /opt/yue2-test
#8 CACHED

#9 [3/6] COPY requirements.lock ./
#9 CACHED

#10 [5/6] COPY model-lock.json acquire.py ./
#10 CACHED

#11 [6/6] COPY prompts.json preflight.py generate.py validate.py run.py test_harness.py ./
#11 DONE 0.0s

#12 exporting to image
#12 exporting layers 0.1s done
#12 exporting manifest sha256:744eb266b78565350955b66e75ca86765cb95ea01abd25fdba87755d734c4c14 0.0s done
#12 exporting config sha256:0831b45778bea40e16cb92edaa7c6d151ab583875da9559d0be70b8257e07bc6 0.0s done
#12 exporting attestation manifest sha256:74b5e4fabc97a37c404f2abc91ef93dc6bc5d7d5f9a172ca5e595e6f0b38861f
#12 exporting attestation manifest sha256:74b5e4fabc97a37c404f2abc91ef93dc6bc5d7d5f9a172ca5e595e6f0b38861f 0.0s done
#12 exporting manifest list sha256:625a4cc64bc869b1d6b0a642d2803b5ab5939bfcc513b6d95468bb1968b000ac 0.0s done
#12 naming to docker.io/library/musicgen-yue2:0.1.5 done
#12 unpacking to docker.io/library/musicgen-yue2:0.1.5 0.0s done
#12 DONE 0.2s

#13 resolving provenance for metadata file
#13 DONE 0.0s
 Image musicgen-yue2:0.1.5 Built
