 Volume museforge-phase4-unit_database Creating
 Volume museforge-phase4-unit_database Creating
 Network museforge-phase4-unit_backend Creating
 Network museforge-phase4-unit_backend Creating
 Volume museforge-phase4-unit_artifacts Creating
 Volume museforge-phase4-unit_artifacts Creating
 Volume museforge-phase4-unit_broker Creating
 Volume museforge-phase4-unit_broker Creating
 Volume museforge-phase4-unit_database Created
 Volume museforge-phase4-unit_database Created
 Volume museforge-phase4-unit_broker Created
 Volume museforge-phase4-unit_broker Created
 Volume museforge-phase4-unit_artifacts Created
 Volume museforge-phase4-unit_artifacts Created
 Network museforge-phase4-unit_backend Created
 Network museforge-phase4-unit_backend Created
 Image museforge-phase4-unit-tests Building
#1 [internal] load local bake definitions
#1 reading from stdin 602B done
#1 DONE 0.0s

#2 [internal] load build definition from Dockerfile
#2 transferring dockerfile: 2.87kB done
#2 DONE 0.0s

#3 resolve image config for docker-image://docker.io/docker/dockerfile:1
#3 DONE 0.4s

#4 docker-image://docker.io/docker/dockerfile:1@sha256:ecfaec9ed6d810b56388c508f4121597bfbba70d41a6dfeee4d8cad5f295fc32
#4 resolve docker.io/docker/dockerfile:1@sha256:ecfaec9ed6d810b56388c508f4121597bfbba70d41a6dfeee4d8cad5f295fc32 0.0s done
#4 CACHED

#5 [internal] load metadata for docker.io/library/python:3.13.15-slim-bookworm@sha256:ed86c82274b3c69b52fb5820f358f0bd7df0b603332063cb5c6e32bd220c3e6e
#5 DONE 0.0s

#6 [internal] load metadata for docker.io/library/node:24.21.0-bookworm-slim@sha256:2fe369e969550cde8e867afc3fe370b260140cab4a23d467074295b42163d553
#6 DONE 0.0s

#7 [internal] load .dockerignore
#7 transferring context: 331B done
#7 DONE 0.0s

#8 [python-base 1/4] FROM docker.io/library/python:3.13.15-slim-bookworm@sha256:ed86c82274b3c69b52fb5820f358f0bd7df0b603332063cb5c6e32bd220c3e6e
#8 resolve docker.io/library/python:3.13.15-slim-bookworm@sha256:ed86c82274b3c69b52fb5820f358f0bd7df0b603332063cb5c6e32bd220c3e6e 0.0s done
#8 DONE 0.0s

#9 [web-build 1/7] FROM docker.io/library/node:24.21.0-bookworm-slim@sha256:2fe369e969550cde8e867afc3fe370b260140cab4a23d467074295b42163d553
#9 resolve docker.io/library/node:24.21.0-bookworm-slim@sha256:2fe369e969550cde8e867afc3fe370b260140cab4a23d467074295b42163d553 0.0s done
#9 DONE 0.0s

#10 [internal] load build context
#10 transferring context: 447.81kB 0.0s done
#10 DONE 0.0s

#11 [web-build 6/7] COPY apps/web/ ./
#11 CACHED

#12 [web-build 5/7] RUN npm ci --no-audit --no-fund
#12 CACHED

#13 [web-build 4/7] COPY apps/web/package.json apps/web/package-lock.json ./
#13 CACHED

#14 [test  8/11] COPY packaging/ packaging/
#14 CACHED

#15 [test  6/11] COPY tests/ tests/
#15 CACHED

#16 [web-build 3/7] RUN npm install --global npm@11.19.0
#16 CACHED

#17 [test  4/11] COPY alembic.ini ./
#17 CACHED

#18 [python-base 3/4] RUN pip install --no-cache-dir uv==0.12.13 && groupadd --gid 10001 museforge && useradd --uid 10001 --gid 10001 --no-create-home museforge
#18 CACHED

#19 [test  9/11] COPY scripts/ scripts/
#19 CACHED

#20 [web-build 2/7] WORKDIR /web
#20 CACHED

#21 [test  7/11] COPY compose.yaml ./
#21 CACHED

#22 [test  1/11] RUN uv sync --frozen --group api --group mock-worker --no-install-project
#22 CACHED

#23 [python-base 4/4] COPY pyproject.toml uv.lock ./
#23 CACHED

#24 [test 10/11] COPY .gitattributes .gitignore .dockerignore .env.example ./
#24 CACHED

#25 [python-base 2/4] WORKDIR /app
#25 CACHED

#26 [test  5/11] COPY migrations/ migrations/
#26 CACHED

#27 [web-build 7/7] RUN npm run build
#27 CACHED

#28 [test  2/11] COPY src/ src/
#28 CACHED

#29 [test  3/11] RUN uv sync --frozen --group api --group mock-worker --no-editable
#29 CACHED

#30 [test 11/11] COPY --from=web-build /web/dist /app/web
#30 CACHED

#31 exporting to image
#31 exporting layers done
#31 exporting manifest sha256:06ddd61b882faff16026f89bd2b5b263f8e9043b6b9d7bb1690244244e3eaf6f 0.0s done
#31 exporting config sha256:a9bfc758561cb5f3b11dc909b7001d424bf8fa4430d0ff61e6bf805736e5dcad
#31 exporting config sha256:a9bfc758561cb5f3b11dc909b7001d424bf8fa4430d0ff61e6bf805736e5dcad 0.0s done
#31 exporting attestation manifest sha256:87dcafc9ffa50af75f98c80c74cb786360d39b7def5669e15c554a1e5e3cad05 0.0s done
#31 exporting manifest list sha256:697049c06e064170598ff4bc5faac76b8f64a70bf885843f72ee266b07d32982 0.0s done
#31 naming to docker.io/library/museforge-phase4-unit-tests:latest done
#31 unpacking to docker.io/library/museforge-phase4-unit-tests:latest 0.0s done
#31 DONE 0.2s

#32 resolving provenance for metadata file
#32 DONE 0.0s
 Image museforge-phase4-unit-tests Built
 Container museforge-phase4-unit-tests-run-<run-id> Creating
 Container museforge-phase4-unit-tests-run-<run-id> Created
============================= test session starts ==============================
platform linux -- Python 3.13.15, pytest-9.1.1, pluggy-1.6.0
rootdir: /app
configfile: pyproject.toml
plugins: anyio-4.15.1
collected 103 items

tests/unit/test_broker_probe.py ........                                 [  7%]
tests/unit/test_config.py ...............                                [ 22%]
tests/unit/test_health.py ...                                            [ 25%]
tests/unit/test_maintenance.py ...                                       [ 28%]
tests/unit/test_packaging.py ...                                         [ 31%]
tests/unit/test_providers.py .................................           [ 63%]
tests/unit/test_scripts.py ...s                                          [ 66%]
tests/unit/test_static_hosting.py ...................                    [ 85%]
tests/unit/test_worker.py .......                                        [ 92%]
tests/unit/test_worker_logging.py .....                                  [ 97%]
tests/unit/test_workspace.py ...                                         [100%]

=============================== warnings summary ===============================
.venv/lib/python3.13/site-packages/fastapi/testclient.py:1
  /app/.venv/lib/python3.13/site-packages/fastapi/testclient.py:1: StarletteDeprecationWarning: Using `httpx` with `starlette.testclient` is deprecated; install `httpx2` instead.
    from starlette.testclient import TestClient as TestClient  # noqa

.venv/lib/python3.13/site-packages/starlette/testclient.py:53
  /app/.venv/lib/python3.13/site-packages/starlette/testclient.py:53: DeprecationWarning: The anyio.abc.BlockingPortal alias is deprecated, use anyio.from_thread.BlockingPortal instead.
    _PortalFactoryType = Callable[[], AbstractContextManager[anyio.abc.BlockingPortal]]

-- Docs: https://docs.pytest.org/en/stable/how-to/capture-warnings.html
=========================== short test summary info ============================
SKIPPED [1] tests/unit/test_scripts.py:46: Git checkout check runs on the authoring host; runtime images omit Git
================= 102 passed, 1 skipped, 2 warnings in 12.91s ==================
